// Jest Snapshot v1, https://goo.gl/fbAQLP

exports[`Project Project should match snapshot 1`] = `
<div
  className="project"
>
  <h3 />
  <button
    onClick={[Function]}
  >
    Delete Project
  </button>
  <Palette
    color_1="#000000"
    color_2="#000000"
    color_3="#000000"
    color_4="#000000"
    color_5="#000000"
    deletePalette={[MockFunction]}
    key="0"
    name="floor"
  />
</div>
`;
